// Jest Snapshot v1, https://goo.gl/fbAQLP

exports[`MapComponent tests renders correct 1`] = `<DocumentFragment />`;
